// Jest Snapshot v1, https://goo.gl/fbAQLP

exports[`MoviesList Renders properly if given movies 1`] = `
ShallowWrapper {
  Symbol(enzyme.__root__): [Circular],
  Symbol(enzyme.__unrendered__): <MoviesList
    getMovies={[Function]}
    movies={
        Array [
            Object {
              "id": 1,
              "poster_path": "hello",
              "title": "Yo",
            },
            Object {
              "id": 2,
              "poster_path": "hello",
              "title": "Yo",
            },
            Object {
              "id": 3,
              "poster_path": "hello",
              "title": "Yo",
            },
          ]
    }
/>,
  Symbol(enzyme.__renderer__): Object {
    "batchedUpdates": [Function],
    "getNode": [Function],
    "render": [Function],
    "simulateEvent": [Function],
    "unmount": [Function],
  },
  Symbol(enzyme.__node__): Object {
    "instance": null,
    "key": undefined,
    "nodeType": "class",
    "props": Object {
      "children": Array [
        <Movie
          movie={
                    Object {
                              "id": 1,
                              "poster_path": "hello",
                              "title": "Yo",
                            }
          }
/>,
        <Movie
          movie={
                    Object {
                              "id": 2,
                              "poster_path": "hello",
                              "title": "Yo",
                            }
          }
/>,
        <Movie
          movie={
                    Object {
                              "id": 3,
                              "poster_path": "hello",
                              "title": "Yo",
                            }
          }
/>,
      ],
    },
    "ref": null,
    "rendered": Array [
      Object {
        "instance": null,
        "key": "1",
        "nodeType": "function",
        "props": Object {
          "movie": Object {
            "id": 1,
            "poster_path": "hello",
            "title": "Yo",
          },
        },
        "ref": null,
        "rendered": null,
        "type": [Function],
      },
      Object {
        "instance": null,
        "key": "2",
        "nodeType": "function",
        "props": Object {
          "movie": Object {
            "id": 2,
            "poster_path": "hello",
            "title": "Yo",
          },
        },
        "ref": null,
        "rendered": null,
        "type": [Function],
      },
      Object {
        "instance": null,
        "key": "3",
        "nodeType": "function",
        "props": Object {
          "movie": Object {
            "id": 3,
            "poster_path": "hello",
            "title": "Yo",
          },
        },
        "ref": null,
        "rendered": null,
        "type": [Function],
      },
    ],
    "type": [Function],
  },
  Symbol(enzyme.__nodes__): Array [
    Object {
      "instance": null,
      "key": undefined,
      "nodeType": "class",
      "props": Object {
        "children": Array [
          <Movie
            movie={
                        Object {
                                    "id": 1,
                                    "poster_path": "hello",
                                    "title": "Yo",
                                  }
            }
/>,
          <Movie
            movie={
                        Object {
                                    "id": 2,
                                    "poster_path": "hello",
                                    "title": "Yo",
                                  }
            }
/>,
          <Movie
            movie={
                        Object {
                                    "id": 3,
                                    "poster_path": "hello",
                                    "title": "Yo",
                                  }
            }
/>,
        ],
      },
      "ref": null,
      "rendered": Array [
        Object {
          "instance": null,
          "key": "1",
          "nodeType": "function",
          "props": Object {
            "movie": Object {
              "id": 1,
              "poster_path": "hello",
              "title": "Yo",
            },
          },
          "ref": null,
          "rendered": null,
          "type": [Function],
        },
        Object {
          "instance": null,
          "key": "2",
          "nodeType": "function",
          "props": Object {
            "movie": Object {
              "id": 2,
              "poster_path": "hello",
              "title": "Yo",
            },
          },
          "ref": null,
          "rendered": null,
          "type": [Function],
        },
        Object {
          "instance": null,
          "key": "3",
          "nodeType": "function",
          "props": Object {
            "movie": Object {
              "id": 3,
              "poster_path": "hello",
              "title": "Yo",
            },
          },
          "ref": null,
          "rendered": null,
          "type": [Function],
        },
      ],
      "type": [Function],
    },
  ],
  Symbol(enzyme.__options__): Object {
    "adapter": ReactSixteenAdapter {
      "options": Object {
        "enableComponentDidUpdateOnSetState": true,
        "lifecycles": Object {
          "componentDidUpdate": Object {
            "onSetState": true,
          },
          "getSnapshotBeforeUpdate": true,
        },
      },
    },
    "attachTo": undefined,
    "hydrateIn": undefined,
  },
}
`;
